------------------------------------------------------------
TimeQuest Timing Analyzer Summary
------------------------------------------------------------

Type  : Slow 1200mV 85C Model Setup 'clock'
Slack : -3.154
TNS   : -232.636

Type  : Slow 1200mV 85C Model Hold 'clock'
Slack : 0.440
TNS   : 0.000

Type  : Slow 1200mV 85C Model Recovery 'clock'
Slack : -0.213
TNS   : -0.435

Type  : Slow 1200mV 85C Model Removal 'clock'
Slack : 0.113
TNS   : 0.000

Type  : Slow 1200mV 85C Model Minimum Pulse Width 'clock'
Slack : -3.000
TNS   : -162.340

Type  : Slow 1200mV 0C Model Setup 'clock'
Slack : -2.847
TNS   : -202.033

Type  : Slow 1200mV 0C Model Hold 'clock'
Slack : 0.387
TNS   : 0.000

Type  : Slow 1200mV 0C Model Recovery 'clock'
Slack : -0.073
TNS   : -0.073

Type  : Slow 1200mV 0C Model Removal 'clock'
Slack : 0.110
TNS   : 0.000

Type  : Slow 1200mV 0C Model Minimum Pulse Width 'clock'
Slack : -3.000
TNS   : -162.340

Type  : Fast 1200mV 0C Model Setup 'clock'
Slack : -1.028
TNS   : -60.245

Type  : Fast 1200mV 0C Model Hold 'clock'
Slack : 0.201
TNS   : 0.000

Type  : Fast 1200mV 0C Model Recovery 'clock'
Slack : -0.246
TNS   : -1.164

Type  : Fast 1200mV 0C Model Removal 'clock'
Slack : 0.052
TNS   : 0.000

Type  : Fast 1200mV 0C Model Minimum Pulse Width 'clock'
Slack : -3.000
TNS   : -141.433

------------------------------------------------------------
